k,estimate,n,weight_scheme,se,ci_low,ci_high,ci_level
0,0.9584245288456434,30,equal,0.022386411746074725,0.9145479680802525,1.0023010896110343,0.95
1,0.9798342651482463,30,equal,0.013146549276891566,0.9540675020445578,1.005601028251935,0.95
2,0.960756366393008,30,equal,0.023037172288323013,0.9156043384022508,1.0059083943837652,0.95
3,0.944694953288723,30,equal,0.020450495317092855,0.904612719001216,0.98477718757623,0.95
