k,estimate,n,weight_scheme,se,ci_low,ci_high,ci_level
0,0.9584245288456434,30,nobs,0.04271657153175562,0.8747015871003735,1.0421474705909135,0.95
1,0.9798342651482463,30,nobs,0.03181617077504489,0.9174757163031826,1.04219281399331,0.95
2,0.960756366393008,30,nobs,0.03854548118397567,0.8852086115056493,1.0363041212803665,0.95
3,0.944694953288723,30,nobs,0.03568360923190311,0.8747563643557918,1.0146335422216541,0.95
